// Jest Snapshot v1, https://goo.gl/fbAQLP

exports[`VideoItem renderer 1`] = `
<li
  className="container list"
  data-testid="video_item"
  onClick={[Function]}
  title="videoItem"
>
  <div
    className="video"
  >
    <img
      alt="video thumbnail"
      className="thumbnail"
      src="https://i.ytimg.com/vi/cheYIVEtVQ4/mqdefault.jpg"
    />
    <div
      className="metadata"
    >
      <p
        className="title"
        data-testid="title"
      >
        Test Title
      </p>
      <p
        className="channel"
        data-testid="channel"
      >
        TestCode is good
      </p>
    </div>
  </div>
</li>
`;
